{"sessionId":"494b9a","location":"JwtAuthenticationFilter","message":"auth set","data":{"requestURI":"/403","role":"TECHNICAL_STAFF"},"timestamp":1772509924573,"hypothesisId":"H4"}
{"sessionId":"494b9a","location":"JwtAuthenticationFilter","message":"auth set","data":{"requestURI":"/css/theme-variables.css","role":"TECHNICAL_STAFF"},"timestamp":1772509925067,"hypothesisId":"H4"}
{"sessionId":"494b9a","location":"JwtAuthenticationFilter","message":"auth set","data":{"requestURI":"/js/theme.js","role":"TECHNICAL_STAFF"},"timestamp":1772509925067,"hypothesisId":"H4"}
{"sessionId":"494b9a","location":"JwtAuthenticationFilter","message":"auth set","data":{"requestURI":"/favicon.ico","role":"TECHNICAL_STAFF"},"timestamp":1772509925124,"hypothesisId":"H4"}
{"sessionId":"494b9a","location":"JwtAuthenticationFilter","message":"auth set","data":{"requestURI":"/dashboard","role":"TECHNICAL_STAFF"},"timestamp":1772509931547,"hypothesisId":"H4"}
{"sessionId":"494b9a","location":"JwtAuthenticationFilter","message":"auth set","data":{"requestURI":"/js/theme.js","role":"TECHNICAL_STAFF"},"timestamp":1772509931772,"hypothesisId":"H4"}
{"sessionId":"494b9a","location":"JwtAuthenticationFilter","message":"auth set","data":{"requestURI":"/css/theme-variables.css","role":"TECHNICAL_STAFF"},"timestamp":1772509931773,"hypothesisId":"H4"}
{"sessionId":"494b9a","location":"JwtAuthenticationFilter","message":"auth set","data":{"requestURI":"/js/dashboard.js","role":"TECHNICAL_STAFF"},"timestamp":1772509931778,"hypothesisId":"H4"}
{"sessionId":"494b9a","location":"JwtAuthenticationFilter","message":"auth set","data":{"requestURI":"/api/requests/pending-count","role":"TECHNICAL_STAFF"},"timestamp":1772509931889,"hypothesisId":"H4"}
{"sessionId":"494b9a","location":"JwtAuthenticationFilter","message":"auth set","data":{"requestURI":"/favicon.ico","role":"TECHNICAL_STAFF"},"timestamp":1772509931895,"hypothesisId":"H4"}
{"sessionId":"494b9a","location":"JwtAuthenticationFilter","message":"auth set","data":{"requestURI":"/dashboard/clients","role":"TECHNICAL_STAFF"},"timestamp":1772509935112,"hypothesisId":"H4"}
{"sessionId":"494b9a","location":"JwtAuthenticationFilter","message":"auth set","data":{"requestURI":"/js/dashboard.js","role":"TECHNICAL_STAFF"},"timestamp":1772509935173,"hypothesisId":"H4"}
{"sessionId":"494b9a","location":"JwtAuthenticationFilter","message":"auth set","data":{"requestURI":"/css/theme-variables.css","role":"TECHNICAL_STAFF"},"timestamp":1772509935174,"hypothesisId":"H4"}
{"sessionId":"494b9a","location":"JwtAuthenticationFilter","message":"auth set","data":{"requestURI":"/js/theme.js","role":"TECHNICAL_STAFF"},"timestamp":1772509935177,"hypothesisId":"H4"}
{"sessionId":"494b9a","location":"JwtAuthenticationFilter","message":"auth set","data":{"requestURI":"/api/clients","role":"TECHNICAL_STAFF"},"timestamp":1772509935194,"hypothesisId":"H4"}
{"sessionId":"494b9a","location":"JwtAuthenticationFilter","message":"auth set","data":{"requestURI":"/api/requests/pending-count","role":"TECHNICAL_STAFF"},"timestamp":1772509935195,"hypothesisId":"H4"}
{"sessionId":"494b9a","location":"JwtAuthenticationFilter","message":"auth set","data":{"requestURI":"/favicon.ico","role":"TECHNICAL_STAFF"},"timestamp":1772509935215,"hypothesisId":"H4"}
{"sessionId":"494b9a","location":"JwtAuthenticationFilter","message":"auth set","data":{"requestURI":"/api/clients/1","role":"TECHNICAL_STAFF"},"timestamp":1772509937605,"hypothesisId":"H4"}
{"sessionId":"494b9a","location":"JwtAuthenticationFilter","message":"auth set","data":{"requestURI":"/dashboard/requests","role":"TECHNICAL_STAFF"},"timestamp":1772509942459,"hypothesisId":"H4"}
{"sessionId":"494b9a","location":"JwtAuthenticationFilter","message":"auth set","data":{"requestURI":"/css/theme-variables.css","role":"TECHNICAL_STAFF"},"timestamp":1772509942572,"hypothesisId":"H4"}
{"sessionId":"494b9a","location":"JwtAuthenticationFilter","message":"auth set","data":{"requestURI":"/js/dashboard.js","role":"TECHNICAL_STAFF"},"timestamp":1772509942572,"hypothesisId":"H4"}
{"sessionId":"494b9a","location":"JwtAuthenticationFilter","message":"auth set","data":{"requestURI":"/js/theme.js","role":"TECHNICAL_STAFF"},"timestamp":1772509942568,"hypothesisId":"H4"}
{"sessionId":"494b9a","location":"JwtAuthenticationFilter","message":"auth set","data":{"requestURI":"/api/requests/pending-count","role":"TECHNICAL_STAFF"},"timestamp":1772509942587,"hypothesisId":"H4"}
{"sessionId":"494b9a","location":"JwtAuthenticationFilter","message":"auth set","data":{"requestURI":"/api/requests","role":"TECHNICAL_STAFF"},"timestamp":1772509942593,"hypothesisId":"H4"}
{"sessionId":"494b9a","location":"JwtAuthenticationFilter","message":"auth set","data":{"requestURI":"/favicon.ico","role":"TECHNICAL_STAFF"},"timestamp":1772509942602,"hypothesisId":"H4"}
{"sessionId":"494b9a","location":"JwtAuthenticationFilter","message":"auth set","data":{"requestURI":"/dashboard/clients","role":"TECHNICAL_STAFF"},"timestamp":1772509948792,"hypothesisId":"H4"}
{"sessionId":"494b9a","location":"JwtAuthenticationFilter","message":"auth set","data":{"requestURI":"/js/theme.js","role":"TECHNICAL_STAFF"},"timestamp":1772509948877,"hypothesisId":"H4"}
{"sessionId":"494b9a","location":"JwtAuthenticationFilter","message":"auth set","data":{"requestURI":"/js/dashboard.js","role":"TECHNICAL_STAFF"},"timestamp":1772509948876,"hypothesisId":"H4"}
{"sessionId":"494b9a","location":"JwtAuthenticationFilter","message":"auth set","data":{"requestURI":"/css/theme-variables.css","role":"TECHNICAL_STAFF"},"timestamp":1772509948876,"hypothesisId":"H4"}
{"sessionId":"494b9a","location":"JwtAuthenticationFilter","message":"auth set","data":{"requestURI":"/api/clients","role":"TECHNICAL_STAFF"},"timestamp":1772509948896,"hypothesisId":"H4"}
{"sessionId":"494b9a","location":"JwtAuthenticationFilter","message":"auth set","data":{"requestURI":"/api/requests/pending-count","role":"TECHNICAL_STAFF"},"timestamp":1772509948899,"hypothesisId":"H4"}
{"sessionId":"494b9a","location":"JwtAuthenticationFilter","message":"auth set","data":{"requestURI":"/favicon.ico","role":"TECHNICAL_STAFF"},"timestamp":1772509948910,"hypothesisId":"H4"}
{"sessionId":"494b9a","location":"JwtAuthenticationFilter","message":"auth set","data":{"requestURI":"/dashboard","role":"TECHNICAL_STAFF"},"timestamp":1772509975469,"hypothesisId":"H4"}
{"sessionId":"494b9a","location":"JwtAuthenticationFilter","message":"auth set","data":{"requestURI":"/css/theme-variables.css","role":"TECHNICAL_STAFF"},"timestamp":1772509975550,"hypothesisId":"H4"}
{"sessionId":"494b9a","location":"JwtAuthenticationFilter","message":"auth set","data":{"requestURI":"/js/dashboard.js","role":"TECHNICAL_STAFF"},"timestamp":1772509975551,"hypothesisId":"H4"}
{"sessionId":"494b9a","location":"JwtAuthenticationFilter","message":"auth set","data":{"requestURI":"/js/theme.js","role":"TECHNICAL_STAFF"},"timestamp":1772509975556,"hypothesisId":"H4"}
{"sessionId":"494b9a","location":"JwtAuthenticationFilter","message":"auth set","data":{"requestURI":"/api/requests/pending-count","role":"TECHNICAL_STAFF"},"timestamp":1772509975584,"hypothesisId":"H4"}
{"sessionId":"494b9a","location":"JwtAuthenticationFilter","message":"auth set","data":{"requestURI":"/dashboard/clients","role":"TECHNICAL_STAFF"},"timestamp":1772509980079,"hypothesisId":"H4"}
{"sessionId":"494b9a","location":"JwtAuthenticationFilter","message":"auth set","data":{"requestURI":"/css/theme-variables.css","role":"TECHNICAL_STAFF"},"timestamp":1772509980106,"hypothesisId":"H4"}
{"sessionId":"494b9a","location":"JwtAuthenticationFilter","message":"auth set","data":{"requestURI":"/js/dashboard.js","role":"TECHNICAL_STAFF"},"timestamp":1772509980107,"hypothesisId":"H4"}
{"sessionId":"494b9a","location":"JwtAuthenticationFilter","message":"auth set","data":{"requestURI":"/js/theme.js","role":"TECHNICAL_STAFF"},"timestamp":1772509980107,"hypothesisId":"H4"}
{"sessionId":"494b9a","location":"JwtAuthenticationFilter","message":"auth set","data":{"requestURI":"/api/clients","role":"TECHNICAL_STAFF"},"timestamp":1772509980119,"hypothesisId":"H4"}
{"sessionId":"494b9a","location":"JwtAuthenticationFilter","message":"auth set","data":{"requestURI":"/api/requests/pending-count","role":"TECHNICAL_STAFF"},"timestamp":1772509980132,"hypothesisId":"H4"}
{"sessionId":"494b9a","location":"JwtAuthenticationFilter","message":"auth set","data":{"requestURI":"/css/theme-variables.css","role":"TECHNICAL_STAFF"},"timestamp":1772509994854,"hypothesisId":"H4"}
